Time resolution is 1 ps
T=0 | STATE=00 SPI_MODE=10 PREADY=0 PSLVERR=0 SEND=0 MOSI=00 PRDATA=00 IRQ=0
T=35000 | STATE=00 SPI_MODE=01 PREADY=0 PSLVERR=0 SEND=0 MOSI=00 PRDATA=00 IRQ=0

--- TEST 1: Reset values ---
T=55000 | STATE=01 SPI_MODE=01 PREADY=0 PSLVERR=0 SEND=0 MOSI=00 PRDATA=00 IRQ=0
T=65000 | STATE=10 SPI_MODE=01 PREADY=1 PSLVERR=0 SEND=0 MOSI=00 PRDATA=04 IRQ=0
SPI_CR1 after reset = 0x04  (expect 0x04)
T=75000 | STATE=00 SPI_MODE=01 PREADY=0 PSLVERR=0 SEND=0 MOSI=00 PRDATA=00 IRQ=0
T=85000 | STATE=01 SPI_MODE=01 PREADY=0 PSLVERR=0 SEND=0 MOSI=00 PRDATA=00 IRQ=0
T=95000 | STATE=10 SPI_MODE=01 PREADY=1 PSLVERR=0 SEND=0 MOSI=00 PRDATA=00 IRQ=0
SPI_CR2 after reset = 0x00  (expect 0x00)
T=105000 | STATE=00 SPI_MODE=01 PREADY=0 PSLVERR=0 SEND=0 MOSI=00 PRDATA=00 IRQ=0
T=115000 | STATE=01 SPI_MODE=01 PREADY=0 PSLVERR=0 SEND=0 MOSI=00 PRDATA=00 IRQ=0
T=125000 | STATE=10 SPI_MODE=01 PREADY=1 PSLVERR=0 SEND=0 MOSI=00 PRDATA=00 IRQ=0
SPI_BR  after reset = 0x00  (expect 0x00)
spi_mode_o = 01  (01=SPI_WAIT is correct; spe=0 at reset)

--- TEST 2: Configure SPI_CR1 (SPE=1, MSTR=1) ---
T=135000 | STATE=00 SPI_MODE=01 PREADY=0 PSLVERR=0 SEND=0 MOSI=00 PRDATA=00 IRQ=0
T=145000 | STATE=01 SPI_MODE=01 PREADY=0 PSLVERR=0 SEND=0 MOSI=00 PRDATA=00 IRQ=0
T=155000 | STATE=10 SPI_MODE=01 PREADY=1 PSLVERR=0 SEND=0 MOSI=00 PRDATA=00 IRQ=0
T=165000 | STATE=01 SPI_MODE=01 PREADY=0 PSLVERR=0 SEND=0 MOSI=00 PRDATA=00 IRQ=0
T=175000 | STATE=00 SPI_MODE=10 PREADY=0 PSLVERR=0 SEND=0 MOSI=00 PRDATA=00 IRQ=0
T=205000 | STATE=01 SPI_MODE=10 PREADY=0 PSLVERR=0 SEND=0 MOSI=00 PRDATA=00 IRQ=0
T=215000 | STATE=10 SPI_MODE=10 PREADY=1 PSLVERR=0 SEND=0 MOSI=00 PRDATA=50 IRQ=0
SPI_CR1 readback = 0x50  (expect 0x50)
mstr_o=1 cpol_o=0 cpha_o=0 lsbfe_o=0
spi_mode_o = 10  (expect 10 = SPI_RUN)

--- TEST 3: Configure SPI_BR ---
T=225000 | STATE=00 SPI_MODE=10 PREADY=0 PSLVERR=0 SEND=0 MOSI=00 PRDATA=00 IRQ=0
T=235000 | STATE=01 SPI_MODE=10 PREADY=0 PSLVERR=0 SEND=0 MOSI=00 PRDATA=00 IRQ=0
T=245000 | STATE=10 SPI_MODE=10 PREADY=1 PSLVERR=0 SEND=0 MOSI=00 PRDATA=00 IRQ=0
T=255000 | STATE=01 SPI_MODE=10 PREADY=0 PSLVERR=0 SEND=0 MOSI=00 PRDATA=00 IRQ=0
T=265000 | STATE=00 SPI_MODE=10 PREADY=0 PSLVERR=0 SEND=0 MOSI=00 PRDATA=00 IRQ=0
T=275000 | STATE=01 SPI_MODE=10 PREADY=0 PSLVERR=0 SEND=0 MOSI=00 PRDATA=00 IRQ=0
T=285000 | STATE=10 SPI_MODE=10 PREADY=1 PSLVERR=0 SEND=0 MOSI=00 PRDATA=23 IRQ=0
SPI_BR readback = 0x23  (expect 0x23)
sppr_o=010  spr_o=011  (expect 001, 011)

--- TEST 4: Write SPI_DR = 0xA5 ---
T=295000 | STATE=00 SPI_MODE=10 PREADY=0 PSLVERR=0 SEND=0 MOSI=00 PRDATA=00 IRQ=0
T=305000 | STATE=01 SPI_MODE=10 PREADY=0 PSLVERR=0 SEND=0 MOSI=00 PRDATA=00 IRQ=0
T=315000 | STATE=10 SPI_MODE=10 PREADY=1 PSLVERR=0 SEND=0 MOSI=00 PRDATA=00 IRQ=0
T=325000 | STATE=01 SPI_MODE=10 PREADY=0 PSLVERR=0 SEND=1 MOSI=a5 PRDATA=00 IRQ=0
send_data_o=1  (expect 1)
mosi_data_o=0xa5  (expect 0xA5)
T=335000 | STATE=00 SPI_MODE=10 PREADY=0 PSLVERR=0 SEND=0 MOSI=00 PRDATA=00 IRQ=0
send_data_o after idle=0  (expect 0)

--- TEST 5: Simulate MISO receive 0x3C ---
T=395000 | STATE=01 SPI_MODE=10 PREADY=0 PSLVERR=0 SEND=0 MOSI=00 PRDATA=00 IRQ=0
T=405000 | STATE=10 SPI_MODE=10 PREADY=1 PSLVERR=0 SEND=0 MOSI=00 PRDATA=3c IRQ=0
SPI_DR after receive = 0x3c  (expect 0x3C)

--- TEST 6: Read SPI_SR ---
T=415000 | STATE=00 SPI_MODE=10 PREADY=0 PSLVERR=0 SEND=0 MOSI=00 PRDATA=00 IRQ=0
T=425000 | STATE=01 SPI_MODE=10 PREADY=0 PSLVERR=0 SEND=0 MOSI=00 PRDATA=00 IRQ=0
T=435000 | STATE=10 SPI_MODE=10 PREADY=1 PSLVERR=0 SEND=0 MOSI=00 PRDATA=80 IRQ=0
SPI_SR = 0x80  (expect 0x80: spif=1)

--- TEST 7: SPI_CR2 mask test ---
T=445000 | STATE=00 SPI_MODE=10 PREADY=0 PSLVERR=0 SEND=0 MOSI=00 PRDATA=00 IRQ=0
T=455000 | STATE=01 SPI_MODE=10 PREADY=0 PSLVERR=0 SEND=0 MOSI=00 PRDATA=00 IRQ=0
T=465000 | STATE=10 SPI_MODE=10 PREADY=1 PSLVERR=0 SEND=0 MOSI=00 PRDATA=00 IRQ=0
T=475000 | STATE=01 SPI_MODE=10 PREADY=0 PSLVERR=0 SEND=0 MOSI=00 PRDATA=00 IRQ=0
T=485000 | STATE=00 SPI_MODE=10 PREADY=0 PSLVERR=0 SEND=0 MOSI=00 PRDATA=00 IRQ=0
T=495000 | STATE=01 SPI_MODE=10 PREADY=0 PSLVERR=0 SEND=0 MOSI=00 PRDATA=00 IRQ=0
T=505000 | STATE=10 SPI_MODE=10 PREADY=1 PSLVERR=0 SEND=0 MOSI=00 PRDATA=1b IRQ=0
SPI_CR2 after write 0xFF = 0x1b  (expect 0x1B)

--- TEST 8: PSLVERR when tip_i=0 ---
T=508000 | STATE=10 SPI_MODE=10 PREADY=1 PSLVERR=1 SEND=0 MOSI=00 PRDATA=1b IRQ=0
T=515000 | STATE=00 SPI_MODE=10 PREADY=0 PSLVERR=0 SEND=0 MOSI=00 PRDATA=00 IRQ=0
T=525000 | STATE=01 SPI_MODE=10 PREADY=0 PSLVERR=0 SEND=0 MOSI=00 PRDATA=00 IRQ=0
T=535000 | STATE=10 SPI_MODE=10 PREADY=1 PSLVERR=1 SEND=0 MOSI=00 PRDATA=50 IRQ=0
PREADY_o=1 PSLVERR_o=1  (expect 1, 1)

--- TEST 9: SPE=0 -> spi_mode should go to SPI_WAIT ---
T=538000 | STATE=10 SPI_MODE=10 PREADY=1 PSLVERR=0 SEND=0 MOSI=00 PRDATA=50 IRQ=0
T=545000 | STATE=00 SPI_MODE=10 PREADY=0 PSLVERR=0 SEND=0 MOSI=00 PRDATA=00 IRQ=0
T=555000 | STATE=01 SPI_MODE=10 PREADY=0 PSLVERR=0 SEND=0 MOSI=00 PRDATA=00 IRQ=0
T=565000 | STATE=10 SPI_MODE=10 PREADY=1 PSLVERR=0 SEND=0 MOSI=00 PRDATA=00 IRQ=0
T=575000 | STATE=01 SPI_MODE=10 PREADY=0 PSLVERR=0 SEND=0 MOSI=00 PRDATA=00 IRQ=0
T=585000 | STATE=00 SPI_MODE=10 PREADY=0 PSLVERR=0 SEND=0 MOSI=00 PRDATA=00 IRQ=0
T=595000 | STATE=01 SPI_MODE=10 PREADY=0 PSLVERR=0 SEND=0 MOSI=00 PRDATA=00 IRQ=0
T=605000 | STATE=10 SPI_MODE=10 PREADY=1 PSLVERR=0 SEND=0 MOSI=00 PRDATA=00 IRQ=0
T=615000 | STATE=01 SPI_MODE=10 PREADY=0 PSLVERR=0 SEND=0 MOSI=00 PRDATA=00 IRQ=0
T=625000 | STATE=00 SPI_MODE=01 PREADY=0 PSLVERR=0 SEND=0 MOSI=00 PRDATA=00 IRQ=0
spi_mode_o = 01  (expect 01 = SPI_WAIT)

--- TEST 10: SPE=1 -> spi_mode returns to SPI_RUN ---
T=665000 | STATE=01 SPI_MODE=01 PREADY=0 PSLVERR=0 SEND=0 MOSI=00 PRDATA=00 IRQ=0
T=675000 | STATE=10 SPI_MODE=01 PREADY=1 PSLVERR=0 SEND=0 MOSI=00 PRDATA=00 IRQ=0
T=685000 | STATE=01 SPI_MODE=01 PREADY=0 PSLVERR=0 SEND=0 MOSI=00 PRDATA=00 IRQ=0
T=695000 | STATE=00 SPI_MODE=10 PREADY=0 PSLVERR=0 SEND=0 MOSI=00 PRDATA=00 IRQ=0
spi_mode_o = 10  (expect 10 = SPI_RUN)

--- Simulation complete ---
$finish called at time : 755 ns : File "V:/apb_based_spi/tb/apb_slave_tb.v" Line 373
